<html>
<body>
<pre>
<h1>µVision Build Log</h1>
<h2>Tool Versions:</h2>
IDE-Version: £gVision V5.26.2.0
Copyright (C) 2018 ARM Ltd and ARM Germany GmbH. All rights reserved.
License Information: WT WT WT Flex license: MDK-ARM Professional: 4 user(s) (mdk_pro) Support: May 2021
 
Tool Versions:
Toolchain:       MDK-ARM Professional: 4 user(s)  Version: 5.26.2.0
Toolchain Path:  C:\Keil_v5\ARM\ARMCC\Bin
C Compiler:      Armcc.exe V5.06 update 6 (build 750)
Assembler:       Armasm.exe V5.06 update 6 (build 750)
Linker/Locator:  ArmLink.exe V5.06 update 6 (build 750)
Library Manager: ArmAr.exe V5.06 update 6 (build 750)
Hex Converter:   FromElf.exe V5.06 update 6 (build 750)
CPU DLL:         SARMCM3.DLL V5.26.2.0
Dialog DLL:      DARMCM1.DLL V1.19.1.0
Target DLL:      NULink\Nu_Link.dll V3.03
Dialog DLL:      TARMCM1.DLL V1.14.0.0
 
<h2>Project:</h2>
D:\SourceCode\_Avery_NUC125\NUC125BSP_PWM\SampleCode\Template\project\KEIL\project.uvproj
Project File Date:  11/19/2020

<h2>Output:</h2>
*** Using Compiler 'V5.06 update 6 (build 750)', folder: 'C:\Keil_v5\ARM\ARMCC\Bin'
Build target 'project'
creating preprocessor file for system_NUC121.c...
creating preprocessor file for main.c...
creating preprocessor file for retarget.c...
creating preprocessor file for clk.c...
compiling main.c...
creating preprocessor file for uart.c...
creating preprocessor file for sys.c...
creating preprocessor file for gpio.c...
creating preprocessor file for timer.c...
creating preprocessor file for pwm.c...
linking...
Program Size: Code=4920 RO-data=376 RW-data=20 ZI-data=516  
After Build - User command #1: fromelf --bin ".\obj\USCI_I2C_Monitor.axf" --output ".\obj\USCI_I2C_Monitor.bin"
After Build - User command #2: fromelf --text -c ".\obj\USCI_I2C_Monitor.axf" --output ".\obj\USCI_I2C_Monitor.txt"
".\obj\USCI_I2C_Monitor.axf" - 0 Error(s), 0 Warning(s).
Build Time Elapsed:  00:00:08
</pre>
</body>
</html>
