Component: ARM Compiler 5.06 update 6 (build 750) Tool: armlink [4d35ed]

==============================================================================

Small function inlining results

Inlined total of 0 calls.

==============================================================================

Image Symbol Table

    Local Symbols

    Symbol Name                              Value     Ov Type        Size  Object(Section)

    RESET                                    0x00000000   Section      192  startup_nuc121.o(RESET)
    ../clib/microlib/division.c              0x00000000   Number         0  uldiv.o ABSOLUTE
    ../clib/microlib/division.c              0x00000000   Number         0  uidiv.o ABSOLUTE
    ../clib/microlib/init/entry.s            0x00000000   Number         0  entry2.o ABSOLUTE
    ../clib/microlib/init/entry.s            0x00000000   Number         0  entry8a.o ABSOLUTE
    ../clib/microlib/init/entry.s            0x00000000   Number         0  entry8b.o ABSOLUTE
    ../clib/microlib/init/entry.s            0x00000000   Number         0  entry9a.o ABSOLUTE
    ../clib/microlib/init/entry.s            0x00000000   Number         0  entry9b.o ABSOLUTE
    ../clib/microlib/init/entry.s            0x00000000   Number         0  entry10a.o ABSOLUTE
    ../clib/microlib/init/entry.s            0x00000000   Number         0  entry11b.o ABSOLUTE
    ../clib/microlib/init/entry.s            0x00000000   Number         0  entry11a.o ABSOLUTE
    ../clib/microlib/init/entry.s            0x00000000   Number         0  entry10b.o ABSOLUTE
    ../clib/microlib/init/entry.s            0x00000000   Number         0  entry7b.o ABSOLUTE
    ../clib/microlib/init/entry.s            0x00000000   Number         0  entry7a.o ABSOLUTE
    ../clib/microlib/init/entry.s            0x00000000   Number         0  entry5.o ABSOLUTE
    ../clib/microlib/init/entry.s            0x00000000   Number         0  entry.o ABSOLUTE
    ../clib/microlib/longlong.c              0x00000000   Number         0  llushr.o ABSOLUTE
    ../clib/microlib/longlong.c              0x00000000   Number         0  llshl.o ABSOLUTE
    ../clib/microlib/longlong.c              0x00000000   Number         0  llsshr.o ABSOLUTE
    ../clib/microlib/printf/printf.c         0x00000000   Number         0  printf2.o ABSOLUTE
    ../clib/microlib/printf/printf.c         0x00000000   Number         0  printf0.o ABSOLUTE
    ../clib/microlib/printf/printf.c         0x00000000   Number         0  printf1.o ABSOLUTE
    ../clib/microlib/printf/printf.c         0x00000000   Number         0  printf3.o ABSOLUTE
    ../clib/microlib/printf/printf.c         0x00000000   Number         0  printf4.o ABSOLUTE
    ../clib/microlib/printf/printf.c         0x00000000   Number         0  printf8.o ABSOLUTE
    ../clib/microlib/printf/printf.c         0x00000000   Number         0  printfa.o ABSOLUTE
    ../clib/microlib/printf/printf.c         0x00000000   Number         0  printf7.o ABSOLUTE
    ../clib/microlib/printf/printf.c         0x00000000   Number         0  printf5.o ABSOLUTE
    ../clib/microlib/printf/printf.c         0x00000000   Number         0  printf6.o ABSOLUTE
    ../clib/microlib/printf/printf.c         0x00000000   Number         0  printfb.o ABSOLUTE
    ../clib/microlib/printf/stubs.s          0x00000000   Number         0  stubs.o ABSOLUTE
    ../clib/microlib/string/memcpy.c         0x00000000   Number         0  memcpyb.o ABSOLUTE
    ../clib/microlib/string/memcpy.c         0x00000000   Number         0  memcpya.o ABSOLUTE
    ../clib/microlib/stubs.s                 0x00000000   Number         0  iusefp.o ABSOLUTE
    ../fplib/microlib/fpadd.c                0x00000000   Number         0  dadd.o ABSOLUTE
    ../fplib/microlib/fpdiv.c                0x00000000   Number         0  ddiv.o ABSOLUTE
    ../fplib/microlib/fpepilogue.c           0x00000000   Number         0  depilogue.o ABSOLUTE
    ../fplib/microlib/fpfix.c                0x00000000   Number         0  dfixul.o ABSOLUTE
    ../fplib/microlib/fpmul.c                0x00000000   Number         0  dmul.o ABSOLUTE
    ..\..\..\..\Library\Device\Nuvoton\NUC121\Source\ARM\startup_NUC121.s 0x00000000   Number         0  startup_nuc121.o ABSOLUTE
    ..\..\..\..\Library\Device\Nuvoton\NUC121\Source\system_NUC121.c 0x00000000   Number         0  system_nuc121.o ABSOLUTE
    ..\..\..\..\Library\StdDriver\src\clk.c  0x00000000   Number         0  clk.o ABSOLUTE
    ..\..\..\..\Library\StdDriver\src\gpio.c 0x00000000   Number         0  gpio.o ABSOLUTE
    ..\..\..\..\Library\StdDriver\src\pwm.c  0x00000000   Number         0  pwm.o ABSOLUTE
    ..\..\..\..\Library\StdDriver\src\retarget.c 0x00000000   Number         0  retarget.o ABSOLUTE
    ..\..\..\..\Library\StdDriver\src\sys.c  0x00000000   Number         0  sys.o ABSOLUTE
    ..\..\..\..\Library\StdDriver\src\timer.c 0x00000000   Number         0  timer.o ABSOLUTE
    ..\..\..\..\Library\StdDriver\src\uart.c 0x00000000   Number         0  uart.o ABSOLUTE
    ..\\..\\..\\..\\Library\\Device\\Nuvoton\\NUC121\\Source\\system_NUC121.c 0x00000000   Number         0  system_nuc121.o ABSOLUTE
    ..\\..\\..\\..\\Library\\StdDriver\\src\\clk.c 0x00000000   Number         0  clk.o ABSOLUTE
    ..\\..\\..\\..\\Library\\StdDriver\\src\\gpio.c 0x00000000   Number         0  gpio.o ABSOLUTE
    ..\\..\\..\\..\\Library\\StdDriver\\src\\pwm.c 0x00000000   Number         0  pwm.o ABSOLUTE
    ..\\..\\..\\..\\Library\\StdDriver\\src\\retarget.c 0x00000000   Number         0  retarget.o ABSOLUTE
    ..\\..\\..\\..\\Library\\StdDriver\\src\\sys.c 0x00000000   Number         0  sys.o ABSOLUTE
    ..\\..\\..\\..\\Library\\StdDriver\\src\\timer.c 0x00000000   Number         0  timer.o ABSOLUTE
    ..\\..\\..\\..\\Library\\StdDriver\\src\\uart.c 0x00000000   Number         0  uart.o ABSOLUTE
    ..\\main.c                               0x00000000   Number         0  main.o ABSOLUTE
    ..\main.c                                0x00000000   Number         0  main.o ABSOLUTE
    cdrcmple.s                               0x00000000   Number         0  cdrcmple.o ABSOLUTE
    handlers.s                               0x00000000   Number         0  handlers.o ABSOLUTE
    init.s                                   0x00000000   Number         0  init.o ABSOLUTE
    .ARM.Collect$$$$00000000                 0x000000c0   Section        0  entry.o(.ARM.Collect$$$$00000000)
    .ARM.Collect$$$$00000001                 0x000000c0   Section        4  entry2.o(.ARM.Collect$$$$00000001)
    .ARM.Collect$$$$00000004                 0x000000c4   Section        4  entry5.o(.ARM.Collect$$$$00000004)
    .ARM.Collect$$$$00000008                 0x000000c8   Section        0  entry7b.o(.ARM.Collect$$$$00000008)
    .ARM.Collect$$$$0000000A                 0x000000c8   Section        0  entry8b.o(.ARM.Collect$$$$0000000A)
    .ARM.Collect$$$$0000000B                 0x000000c8   Section        8  entry9a.o(.ARM.Collect$$$$0000000B)
    .ARM.Collect$$$$0000000D                 0x000000d0   Section        0  entry10a.o(.ARM.Collect$$$$0000000D)
    .ARM.Collect$$$$0000000F                 0x000000d0   Section        0  entry11a.o(.ARM.Collect$$$$0000000F)
    .ARM.Collect$$$$00002712                 0x000000d0   Section        4  entry2.o(.ARM.Collect$$$$00002712)
    __lit__00000000                          0x000000d0   Data           4  entry2.o(.ARM.Collect$$$$00002712)
    .emb_text                                0x000000d4   Section       28  retarget.o(.emb_text)
    .text                                    0x000000f0   Section       76  startup_nuc121.o(.text)
    Default_Handler                          0x0000011b   Thumb Code     2  startup_nuc121.o(.text)
    .text                                    0x0000013c   Section        0  uidiv.o(.text)
    .text                                    0x00000168   Section        0  memcpya.o(.text)
    .text                                    0x0000018c   Section        0  uldiv.o(.text)
    .text                                    0x000001ec   Section       36  init.o(.text)
    .text                                    0x00000210   Section        0  llshl.o(.text)
    .text                                    0x00000230   Section        0  llushr.o(.text)
    i.CLK_DisablePLL                         0x00000254   Section        0  clk.o(i.CLK_DisablePLL)
    i.CLK_EnableModuleClock                  0x00000264   Section        0  clk.o(i.CLK_EnableModuleClock)
    i.CLK_EnablePLL                          0x00000294   Section        0  clk.o(i.CLK_EnablePLL)
    i.CLK_EnableXtalRC                       0x00000438   Section        0  clk.o(i.CLK_EnableXtalRC)
    i.CLK_GetCPUFreq                         0x00000450   Section        0  clk.o(i.CLK_GetCPUFreq)
    i.CLK_GetHXTFreq                         0x00000460   Section        0  clk.o(i.CLK_GetHXTFreq)
    i.CLK_GetLXTFreq                         0x00000474   Section        0  clk.o(i.CLK_GetLXTFreq)
    i.CLK_GetPCLK0Freq                       0x0000048c   Section        0  clk.o(i.CLK_GetPCLK0Freq)
    i.CLK_GetPCLK1Freq                       0x000004ac   Section        0  clk.o(i.CLK_GetPCLK1Freq)
    i.CLK_GetPLLClockFreq                    0x000004cc   Section        0  uart.o(i.CLK_GetPLLClockFreq)
    CLK_GetPLLClockFreq                      0x000004cd   Thumb Code    74  uart.o(i.CLK_GetPLLClockFreq)
    i.CLK_GetPLLClockFreq                    0x00000528   Section        0  pwm.o(i.CLK_GetPLLClockFreq)
    CLK_GetPLLClockFreq                      0x00000529   Thumb Code    74  pwm.o(i.CLK_GetPLLClockFreq)
    i.CLK_SetCoreClock                       0x00000584   Section        0  clk.o(i.CLK_SetCoreClock)
    i.CLK_SetHCLK                            0x00000600   Section        0  clk.o(i.CLK_SetHCLK)
    i.CLK_SetModuleClock                     0x00000650   Section        0  clk.o(i.CLK_SetModuleClock)
    i.CLK_WaitClockReady                     0x000006bc   Section        0  clk.o(i.CLK_WaitClockReady)
    i.GPIO_Init                              0x000006e8   Section        0  main.o(i.GPIO_Init)
    i.GPIO_SetMode                           0x000006fc   Section        0  gpio.o(i.GPIO_SetMode)
    i.Hard_Fault_Handler                     0x00000724   Section        0  retarget.o(i.Hard_Fault_Handler)
    __tagsym$$used                           0x00000725   Number         0  retarget.o(i.Hard_Fault_Handler)
    i.PWM_ConfigOutputChannel                0x00000744   Section        0  pwm.o(i.PWM_ConfigOutputChannel)
    i.PWM_EnableOutput                       0x00000860   Section        0  pwm.o(i.PWM_EnableOutput)
    i.PWM_Init                               0x0000086c   Section        0  main.o(i.PWM_Init)
    i.PWM_Set_Duty                           0x000008fc   Section        0  main.o(i.PWM_Set_Duty)
    i.PWM_Start                              0x00000950   Section        0  pwm.o(i.PWM_Start)
    i.SYS_Init                               0x00000974   Section        0  main.o(i.SYS_Init)
    i.SYS_ResetModule                        0x00000a2c   Section        0  sys.o(i.SYS_ResetModule)
    i.SendChar_ToUART                        0x00000a48   Section        0  retarget.o(i.SendChar_ToUART)
    i.SystemCoreClockUpdate                  0x00000a68   Section        0  system_nuc121.o(i.SystemCoreClockUpdate)
    i.SystemInit                             0x00000b04   Section        0  system_nuc121.o(i.SystemInit)
    i.TIMER3_Init                            0x00000b08   Section        0  main.o(i.TIMER3_Init)
    i.TIMER_GetModuleClock                   0x00000b38   Section        0  timer.o(i.TIMER_GetModuleClock)
    i.TIMER_Open                             0x00000bb8   Section        0  timer.o(i.TIMER_Open)
    i.TMR3_IRQHandler                        0x00000bf8   Section        0  main.o(i.TMR3_IRQHandler)
    i.UART0_IRQHandler                       0x00000c54   Section        0  main.o(i.UART0_IRQHandler)
    i.UART0_Init                             0x00000c74   Section        0  main.o(i.UART0_Init)
    i.UART_EnableInt                         0x00000d68   Section        0  uart.o(i.UART_EnableInt)
    i.UART_Open                              0x00000d7c   Section        0  uart.o(i.UART_Open)
    i.UART_SetTimeoutCnt                     0x00000e04   Section        0  uart.o(i.UART_SetTimeoutCnt)
    i.UARTx_Process                          0x00000e1c   Section        0  main.o(i.UARTx_Process)
    i.__0printf$8                            0x00000eec   Section        0  printf8.o(i.__0printf$8)
    i.__ARM_common_switch8                   0x00000f0c   Section        0  main.o(i.__ARM_common_switch8)
    i.__NVIC_EnableIRQ                       0x00000f28   Section        0  main.o(i.__NVIC_EnableIRQ)
    __NVIC_EnableIRQ                         0x00000f29   Thumb Code    18  main.o(i.__NVIC_EnableIRQ)
    i.__scatterload_copy                     0x00000f40   Section       14  handlers.o(i.__scatterload_copy)
    i.__scatterload_null                     0x00000f4e   Section        2  handlers.o(i.__scatterload_null)
    i.__scatterload_zeroinit                 0x00000f50   Section       14  handlers.o(i.__scatterload_zeroinit)
    i._printf_core                           0x00000f60   Section        0  printf8.o(i._printf_core)
    _printf_core                             0x00000f61   Thumb Code  1020  printf8.o(i._printf_core)
    i._printf_post_padding                   0x00001388   Section        0  printf8.o(i._printf_post_padding)
    _printf_post_padding                     0x00001389   Thumb Code    32  printf8.o(i._printf_post_padding)
    i._printf_pre_padding                    0x000013a8   Section        0  printf8.o(i._printf_pre_padding)
    _printf_pre_padding                      0x000013a9   Thumb Code    44  printf8.o(i._printf_pre_padding)
    i.fputc                                  0x000013d4   Section        0  retarget.o(i.fputc)
    i.main                                   0x000013e0   Section        0  main.o(i.main)
    .constdata                               0x000013f8   Section       32  system_nuc121.o(.constdata)
    .constdata                               0x00001418   Section       40  clk.o(.constdata)
    .constdata                               0x00001440   Section       48  uart.o(.constdata)
    .constdata                               0x00001470   Section       32  timer.o(.constdata)
    .data                                    0x20000000   Section       12  system_nuc121.o(.data)
    .data                                    0x2000000c   Section        4  main.o(.data)
    CNT                                      0x2000000c   Data           2  main.o(.data)
    counter                                  0x2000000e   Data           2  main.o(.data)
    .data                                    0x20000010   Section        4  retarget.o(.data)
    STACK                                    0x20000018   Section      512  startup_nuc121.o(STACK)

    Global Symbols

    Symbol Name                              Value     Ov Type        Size  Object(Section)

    BuildAttributes$$THM_ISAv3M$S$PE$A:L22$X:L11$S22$IEEE1$IW$USESV6$~STKCKD$USESV7$~SHL$OSPACE$ROPI$EBA8$MICROLIB$REQ8$PRES8$EABIv2 0x00000000   Number         0  anon$$obj.o ABSOLUTE
    __ARM_use_no_argv                        0x00000000   Number         0  main.o ABSOLUTE
    __Vectors                                0x00000000   Data           4  startup_nuc121.o(RESET)
    _printf_a                                0x00000000   Number         0  stubs.o ABSOLUTE
    _printf_c                                0x00000000   Number         0  stubs.o ABSOLUTE
    _printf_charcount                        0x00000000   Number         0  stubs.o ABSOLUTE
    _printf_d                                0x00000000   Number         0  stubs.o ABSOLUTE
    _printf_e                                0x00000000   Number         0  stubs.o ABSOLUTE
    _printf_f                                0x00000000   Number         0  stubs.o ABSOLUTE
    _printf_flags                            0x00000000   Number         0  stubs.o ABSOLUTE
    _printf_fp_dec                           0x00000000   Number         0  stubs.o ABSOLUTE
    _printf_fp_hex                           0x00000000   Number         0  stubs.o ABSOLUTE
    _printf_g                                0x00000000   Number         0  stubs.o ABSOLUTE
    _printf_i                                0x00000000   Number         0  stubs.o ABSOLUTE
    _printf_int_dec                          0x00000000   Number         0  stubs.o ABSOLUTE
    _printf_l                                0x00000000   Number         0  stubs.o ABSOLUTE
    _printf_lc                               0x00000000   Number         0  stubs.o ABSOLUTE
    _printf_ll                               0x00000000   Number         0  stubs.o ABSOLUTE
    _printf_lld                              0x00000000   Number         0  stubs.o ABSOLUTE
    _printf_lli                              0x00000000   Number         0  stubs.o ABSOLUTE
    _printf_llo                              0x00000000   Number         0  stubs.o ABSOLUTE
    _printf_llu                              0x00000000   Number         0  stubs.o ABSOLUTE
    _printf_llx                              0x00000000   Number         0  stubs.o ABSOLUTE
    _printf_longlong_dec                     0x00000000   Number         0  stubs.o ABSOLUTE
    _printf_longlong_hex                     0x00000000   Number         0  stubs.o ABSOLUTE
    _printf_longlong_oct                     0x00000000   Number         0  stubs.o ABSOLUTE
    _printf_ls                               0x00000000   Number         0  stubs.o ABSOLUTE
    _printf_mbtowc                           0x00000000   Number         0  stubs.o ABSOLUTE
    _printf_n                                0x00000000   Number         0  stubs.o ABSOLUTE
    _printf_o                                0x00000000   Number         0  stubs.o ABSOLUTE
    _printf_p                                0x00000000   Number         0  stubs.o ABSOLUTE
    _printf_percent                          0x00000000   Number         0  stubs.o ABSOLUTE
    _printf_pre_padding                      0x00000000   Number         0  stubs.o ABSOLUTE
    _printf_return_value                     0x00000000   Number         0  stubs.o ABSOLUTE
    _printf_s                                0x00000000   Number         0  stubs.o ABSOLUTE
    _printf_sizespec                         0x00000000   Number         0  stubs.o ABSOLUTE
    _printf_str                              0x00000000   Number         0  stubs.o ABSOLUTE
    _printf_truncate_signed                  0x00000000   Number         0  stubs.o ABSOLUTE
    _printf_truncate_unsigned                0x00000000   Number         0  stubs.o ABSOLUTE
    _printf_u                                0x00000000   Number         0  stubs.o ABSOLUTE
    _printf_wc                               0x00000000   Number         0  stubs.o ABSOLUTE
    _printf_wctomb                           0x00000000   Number         0  stubs.o ABSOLUTE
    _printf_widthprec                        0x00000000   Number         0  stubs.o ABSOLUTE
    _printf_x                                0x00000000   Number         0  stubs.o ABSOLUTE
    __cpp_initialize__aeabi_                  - Undefined Weak Reference
    __cxa_finalize                            - Undefined Weak Reference
    __decompress                              - Undefined Weak Reference
    _clock_init                               - Undefined Weak Reference
    _microlib_exit                            - Undefined Weak Reference
    __main                                   0x000000c1   Thumb Code     0  entry.o(.ARM.Collect$$$$00000000)
    _main_stk                                0x000000c1   Thumb Code     0  entry2.o(.ARM.Collect$$$$00000001)
    _main_scatterload                        0x000000c5   Thumb Code     0  entry5.o(.ARM.Collect$$$$00000004)
    __main_after_scatterload                 0x000000c9   Thumb Code     0  entry5.o(.ARM.Collect$$$$00000004)
    _main_clock                              0x000000c9   Thumb Code     0  entry7b.o(.ARM.Collect$$$$00000008)
    _main_cpp_init                           0x000000c9   Thumb Code     0  entry8b.o(.ARM.Collect$$$$0000000A)
    _main_init                               0x000000c9   Thumb Code     0  entry9a.o(.ARM.Collect$$$$0000000B)
    __rt_final_cpp                           0x000000d1   Thumb Code     0  entry10a.o(.ARM.Collect$$$$0000000D)
    __rt_final_exit                          0x000000d1   Thumb Code     0  entry11a.o(.ARM.Collect$$$$0000000F)
    HardFault_Handler                        0x000000d5   Thumb Code    24  retarget.o(.emb_text)
    Reset_Handler                            0x000000f1   Thumb Code    32  startup_nuc121.o(.text)
    NMI_Handler                              0x00000111   Thumb Code     2  startup_nuc121.o(.text)
    SVC_Handler                              0x00000115   Thumb Code     2  startup_nuc121.o(.text)
    PendSV_Handler                           0x00000117   Thumb Code     2  startup_nuc121.o(.text)
    SysTick_Handler                          0x00000119   Thumb Code     2  startup_nuc121.o(.text)
    ADC_IRQHandler                           0x0000011b   Thumb Code     0  startup_nuc121.o(.text)
    BOD_IRQHandler                           0x0000011b   Thumb Code     0  startup_nuc121.o(.text)
    BPWM0_IRQHandler                         0x0000011b   Thumb Code     0  startup_nuc121.o(.text)
    BPWM1_IRQHandler                         0x0000011b   Thumb Code     0  startup_nuc121.o(.text)
    CLKDIRC_IRQHandler                       0x0000011b   Thumb Code     0  startup_nuc121.o(.text)
    EINT024_IRQHandler                       0x0000011b   Thumb Code     0  startup_nuc121.o(.text)
    EINT135_IRQHandler                       0x0000011b   Thumb Code     0  startup_nuc121.o(.text)
    GPAB_IRQHandler                          0x0000011b   Thumb Code     0  startup_nuc121.o(.text)
    GPCDEF_IRQHandler                        0x0000011b   Thumb Code     0  startup_nuc121.o(.text)
    I2C0_IRQHandler                          0x0000011b   Thumb Code     0  startup_nuc121.o(.text)
    I2C1_IRQHandler                          0x0000011b   Thumb Code     0  startup_nuc121.o(.text)
    PDMA_IRQHandler                          0x0000011b   Thumb Code     0  startup_nuc121.o(.text)
    PWM0_IRQHandler                          0x0000011b   Thumb Code     0  startup_nuc121.o(.text)
    PWM1_IRQHandler                          0x0000011b   Thumb Code     0  startup_nuc121.o(.text)
    PWM_BRAKE_IRQHandler                     0x0000011b   Thumb Code     0  startup_nuc121.o(.text)
    PWRWU_IRQHandler                         0x0000011b   Thumb Code     0  startup_nuc121.o(.text)
    SPI0_IRQHandler                          0x0000011b   Thumb Code     0  startup_nuc121.o(.text)
    TMR0_IRQHandler                          0x0000011b   Thumb Code     0  startup_nuc121.o(.text)
    TMR1_IRQHandler                          0x0000011b   Thumb Code     0  startup_nuc121.o(.text)
    TMR2_IRQHandler                          0x0000011b   Thumb Code     0  startup_nuc121.o(.text)
    USBD_IRQHandler                          0x0000011b   Thumb Code     0  startup_nuc121.o(.text)
    USCI_IRQHandler                          0x0000011b   Thumb Code     0  startup_nuc121.o(.text)
    WDT_IRQHandler                           0x0000011b   Thumb Code     0  startup_nuc121.o(.text)
    __aeabi_uidiv                            0x0000013d   Thumb Code     0  uidiv.o(.text)
    __aeabi_uidivmod                         0x0000013d   Thumb Code    44  uidiv.o(.text)
    __aeabi_memcpy                           0x00000169   Thumb Code    36  memcpya.o(.text)
    __aeabi_memcpy4                          0x00000169   Thumb Code     0  memcpya.o(.text)
    __aeabi_memcpy8                          0x00000169   Thumb Code     0  memcpya.o(.text)
    __aeabi_uldivmod                         0x0000018d   Thumb Code    96  uldiv.o(.text)
    __scatterload                            0x000001ed   Thumb Code    28  init.o(.text)
    __scatterload_rt2                        0x000001ed   Thumb Code     0  init.o(.text)
    __aeabi_llsl                             0x00000211   Thumb Code    32  llshl.o(.text)
    _ll_shift_l                              0x00000211   Thumb Code     0  llshl.o(.text)
    __aeabi_llsr                             0x00000231   Thumb Code    34  llushr.o(.text)
    _ll_ushift_r                             0x00000231   Thumb Code     0  llushr.o(.text)
    CLK_DisablePLL                           0x00000255   Thumb Code    12  clk.o(i.CLK_DisablePLL)
    CLK_EnableModuleClock                    0x00000265   Thumb Code    40  clk.o(i.CLK_EnableModuleClock)
    CLK_EnablePLL                            0x00000295   Thumb Code   352  clk.o(i.CLK_EnablePLL)
    CLK_EnableXtalRC                         0x00000439   Thumb Code    20  clk.o(i.CLK_EnableXtalRC)
    CLK_GetCPUFreq                           0x00000451   Thumb Code    12  clk.o(i.CLK_GetCPUFreq)
    CLK_GetHXTFreq                           0x00000461   Thumb Code    12  clk.o(i.CLK_GetHXTFreq)
    CLK_GetLXTFreq                           0x00000475   Thumb Code    18  clk.o(i.CLK_GetLXTFreq)
    CLK_GetPCLK0Freq                         0x0000048d   Thumb Code    22  clk.o(i.CLK_GetPCLK0Freq)
    CLK_GetPCLK1Freq                         0x000004ad   Thumb Code    22  clk.o(i.CLK_GetPCLK1Freq)
    CLK_SetCoreClock                         0x00000585   Thumb Code   114  clk.o(i.CLK_SetCoreClock)
    CLK_SetHCLK                              0x00000601   Thumb Code    76  clk.o(i.CLK_SetHCLK)
    CLK_SetModuleClock                       0x00000651   Thumb Code   100  clk.o(i.CLK_SetModuleClock)
    CLK_WaitClockReady                       0x000006bd   Thumb Code    34  clk.o(i.CLK_WaitClockReady)
    GPIO_Init                                0x000006e9   Thumb Code    14  main.o(i.GPIO_Init)
    GPIO_SetMode                             0x000006fd   Thumb Code    40  gpio.o(i.GPIO_SetMode)
    Hard_Fault_Handler                       0x00000725   Thumb Code     8  retarget.o(i.Hard_Fault_Handler)
    PWM_ConfigOutputChannel                  0x00000745   Thumb Code   258  pwm.o(i.PWM_ConfigOutputChannel)
    PWM_EnableOutput                         0x00000861   Thumb Code    10  pwm.o(i.PWM_EnableOutput)
    PWM_Init                                 0x0000086d   Thumb Code   134  main.o(i.PWM_Init)
    PWM_Set_Duty                             0x000008fd   Thumb Code    46  main.o(i.PWM_Set_Duty)
    PWM_Start                                0x00000951   Thumb Code    36  pwm.o(i.PWM_Start)
    SYS_Init                                 0x00000975   Thumb Code   164  main.o(i.SYS_Init)
    SYS_ResetModule                          0x00000a2d   Thumb Code    26  sys.o(i.SYS_ResetModule)
    SendChar_ToUART                          0x00000a49   Thumb Code    26  retarget.o(i.SendChar_ToUART)
    SystemCoreClockUpdate                    0x00000a69   Thumb Code   128  system_nuc121.o(i.SystemCoreClockUpdate)
    SystemInit                               0x00000b05   Thumb Code     2  system_nuc121.o(i.SystemInit)
    TIMER3_Init                              0x00000b09   Thumb Code    42  main.o(i.TIMER3_Init)
    TIMER_GetModuleClock                     0x00000b39   Thumb Code   110  timer.o(i.TIMER_GetModuleClock)
    TIMER_Open                               0x00000bb9   Thumb Code    64  timer.o(i.TIMER_Open)
    TMR3_IRQHandler                          0x00000bf9   Thumb Code    58  main.o(i.TMR3_IRQHandler)
    UART0_IRQHandler                         0x00000c55   Thumb Code    28  main.o(i.UART0_IRQHandler)
    UART0_Init                               0x00000c75   Thumb Code   104  main.o(i.UART0_Init)
    UART_EnableInt                           0x00000d69   Thumb Code    16  uart.o(i.UART_EnableInt)
    UART_Open                                0x00000d7d   Thumb Code   120  uart.o(i.UART_Open)
    UART_SetTimeoutCnt                       0x00000e05   Thumb Code    22  uart.o(i.UART_SetTimeoutCnt)
    UARTx_Process                            0x00000e1d   Thumb Code   160  main.o(i.UARTx_Process)
    __0printf$8                              0x00000eed   Thumb Code    24  printf8.o(i.__0printf$8)
    __1printf$8                              0x00000eed   Thumb Code     0  printf8.o(i.__0printf$8)
    __2printf                                0x00000eed   Thumb Code     0  printf8.o(i.__0printf$8)
    __ARM_common_switch8                     0x00000f0d   Thumb Code    26  main.o(i.__ARM_common_switch8)
    __scatterload_copy                       0x00000f41   Thumb Code    14  handlers.o(i.__scatterload_copy)
    __scatterload_null                       0x00000f4f   Thumb Code     2  handlers.o(i.__scatterload_null)
    __scatterload_zeroinit                   0x00000f51   Thumb Code    14  handlers.o(i.__scatterload_zeroinit)
    fputc                                    0x000013d5   Thumb Code    12  retarget.o(i.fputc)
    main                                     0x000013e1   Thumb Code    22  main.o(i.main)
    gau32ClkSrcTbl                           0x000013f8   Data          32  system_nuc121.o(.constdata)
    Region$$Table$$Base                      0x00001490   Number         0  anon$$obj.o(Region$$Table)
    Region$$Table$$Limit                     0x000014b0   Number         0  anon$$obj.o(Region$$Table)
    SystemCoreClock                          0x20000000   Data           4  system_nuc121.o(.data)
    CyclesPerUs                              0x20000004   Data           4  system_nuc121.o(.data)
    PllClock                                 0x20000008   Data           4  system_nuc121.o(.data)
    __stdout                                 0x20000010   Data           4  retarget.o(.data)
    __initial_sp                             0x20000218   Data           0  startup_nuc121.o(STACK)



==============================================================================

Memory Map of the image

  Image Entry point : 0x000000f1

  Load Region LR_1 (Base: 0x00000000, Size: 0x000014c4, Max: 0xffffffff, ABSOLUTE)

    Execution Region ER_RO (Exec base: 0x00000000, Load base: 0x00000000, Size: 0x000014b0, Max: 0xffffffff, ABSOLUTE)

    Exec Addr    Load Addr    Size         Type   Attr      Idx    E Section Name        Object

    0x00000000   0x00000000   0x000000c0   Data   RO          176    RESET               startup_nuc121.o
    0x000000c0   0x000000c0   0x00000000   Code   RO         1104  * .ARM.Collect$$$$00000000  mc_p.l(entry.o)
    0x000000c0   0x000000c0   0x00000004   Code   RO         1372    .ARM.Collect$$$$00000001  mc_p.l(entry2.o)
    0x000000c4   0x000000c4   0x00000004   Code   RO         1375    .ARM.Collect$$$$00000004  mc_p.l(entry5.o)
    0x000000c8   0x000000c8   0x00000000   Code   RO         1377    .ARM.Collect$$$$00000008  mc_p.l(entry7b.o)
    0x000000c8   0x000000c8   0x00000000   Code   RO         1379    .ARM.Collect$$$$0000000A  mc_p.l(entry8b.o)
    0x000000c8   0x000000c8   0x00000008   Code   RO         1380    .ARM.Collect$$$$0000000B  mc_p.l(entry9a.o)
    0x000000d0   0x000000d0   0x00000000   Code   RO         1382    .ARM.Collect$$$$0000000D  mc_p.l(entry10a.o)
    0x000000d0   0x000000d0   0x00000000   Code   RO         1384    .ARM.Collect$$$$0000000F  mc_p.l(entry11a.o)
    0x000000d0   0x000000d0   0x00000004   Code   RO         1373    .ARM.Collect$$$$00002712  mc_p.l(entry2.o)
    0x000000d4   0x000000d4   0x0000001c   Code   RO          278    .emb_text           retarget.o
    0x000000f0   0x000000f0   0x0000004c   Code   RO          177  * .text               startup_nuc121.o
    0x0000013c   0x0000013c   0x0000002c   Code   RO         1105    .text               mc_p.l(uidiv.o)
    0x00000168   0x00000168   0x00000024   Code   RO         1107    .text               mc_p.l(memcpya.o)
    0x0000018c   0x0000018c   0x00000060   Code   RO         1386    .text               mc_p.l(uldiv.o)
    0x000001ec   0x000001ec   0x00000024   Code   RO         1399    .text               mc_p.l(init.o)
    0x00000210   0x00000210   0x00000020   Code   RO         1401    .text               mc_p.l(llshl.o)
    0x00000230   0x00000230   0x00000022   Code   RO         1403    .text               mc_p.l(llushr.o)
    0x00000252   0x00000252   0x00000002   PAD
    0x00000254   0x00000254   0x00000010   Code   RO          364    i.CLK_DisablePLL    clk.o
    0x00000264   0x00000264   0x00000030   Code   RO          368    i.CLK_EnableModuleClock  clk.o
    0x00000294   0x00000294   0x000001a4   Code   RO          369    i.CLK_EnablePLL     clk.o
    0x00000438   0x00000438   0x00000018   Code   RO          371    i.CLK_EnableXtalRC  clk.o
    0x00000450   0x00000450   0x00000010   Code   RO          372    i.CLK_GetCPUFreq    clk.o
    0x00000460   0x00000460   0x00000014   Code   RO          374    i.CLK_GetHXTFreq    clk.o
    0x00000474   0x00000474   0x00000018   Code   RO          375    i.CLK_GetLXTFreq    clk.o
    0x0000048c   0x0000048c   0x00000020   Code   RO          376    i.CLK_GetPCLK0Freq  clk.o
    0x000004ac   0x000004ac   0x00000020   Code   RO          377    i.CLK_GetPCLK1Freq  clk.o
    0x000004cc   0x000004cc   0x0000005c   Code   RO          520    i.CLK_GetPLLClockFreq  uart.o
    0x00000528   0x00000528   0x0000005c   Code   RO          799    i.CLK_GetPLLClockFreq  pwm.o
    0x00000584   0x00000584   0x0000007c   Code   RO          380    i.CLK_SetCoreClock  clk.o
    0x00000600   0x00000600   0x00000050   Code   RO          381    i.CLK_SetHCLK       clk.o
    0x00000650   0x00000650   0x0000006c   Code   RO          382    i.CLK_SetModuleClock  clk.o
    0x000006bc   0x000006bc   0x0000002c   Code   RO          384    i.CLK_WaitClockReady  clk.o
    0x000006e8   0x000006e8   0x00000014   Code   RO          183    i.GPIO_Init         main.o
    0x000006fc   0x000006fc   0x00000028   Code   RO          706    i.GPIO_SetMode      gpio.o
    0x00000724   0x00000724   0x00000020   Code   RO          280    i.Hard_Fault_Handler  retarget.o
    0x00000744   0x00000744   0x0000011c   Code   RO          808    i.PWM_ConfigOutputChannel  pwm.o
    0x00000860   0x00000860   0x0000000a   Code   RO          832    i.PWM_EnableOutput  pwm.o
    0x0000086a   0x0000086a   0x00000002   PAD
    0x0000086c   0x0000086c   0x00000090   Code   RO          184    i.PWM_Init          main.o
    0x000008fc   0x000008fc   0x00000054   Code   RO          185    i.PWM_Set_Duty      main.o
    0x00000950   0x00000950   0x00000024   Code   RO          846    i.PWM_Start         pwm.o
    0x00000974   0x00000974   0x000000b8   Code   RO          186    i.SYS_Init          main.o
    0x00000a2c   0x00000a2c   0x0000001a   Code   RO          639    i.SYS_ResetModule   sys.o
    0x00000a46   0x00000a46   0x00000002   PAD
    0x00000a48   0x00000a48   0x00000020   Code   RO          283    i.SendChar_ToUART   retarget.o
    0x00000a68   0x00000a68   0x0000009c   Code   RO            3    i.SystemCoreClockUpdate  system_nuc121.o
    0x00000b04   0x00000b04   0x00000002   Code   RO            4    i.SystemInit        system_nuc121.o
    0x00000b06   0x00000b06   0x00000002   PAD
    0x00000b08   0x00000b08   0x00000030   Code   RO          187    i.TIMER3_Init       main.o
    0x00000b38   0x00000b38   0x00000080   Code   RO          742    i.TIMER_GetModuleClock  timer.o
    0x00000bb8   0x00000bb8   0x00000040   Code   RO          743    i.TIMER_Open        timer.o
    0x00000bf8   0x00000bf8   0x0000005c   Code   RO          188    i.TMR3_IRQHandler   main.o
    0x00000c54   0x00000c54   0x00000020   Code   RO          189    i.UART0_IRQHandler  main.o
    0x00000c74   0x00000c74   0x000000f4   Code   RO          190    i.UART0_Init        main.o
    0x00000d68   0x00000d68   0x00000014   Code   RO          526    i.UART_EnableInt    uart.o
    0x00000d7c   0x00000d7c   0x00000088   Code   RO          527    i.UART_Open         uart.o
    0x00000e04   0x00000e04   0x00000016   Code   RO          533    i.UART_SetTimeoutCnt  uart.o
    0x00000e1a   0x00000e1a   0x00000002   PAD
    0x00000e1c   0x00000e1c   0x000000d0   Code   RO          191    i.UARTx_Process     main.o
    0x00000eec   0x00000eec   0x00000020   Code   RO         1318    i.__0printf$8       mc_p.l(printf8.o)
    0x00000f0c   0x00000f0c   0x0000001a   Code   RO          257    i.__ARM_common_switch8  main.o
    0x00000f26   0x00000f26   0x00000002   PAD
    0x00000f28   0x00000f28   0x00000018   Code   RO          192    i.__NVIC_EnableIRQ  main.o
    0x00000f40   0x00000f40   0x0000000e   Code   RO         1413    i.__scatterload_copy  mc_p.l(handlers.o)
    0x00000f4e   0x00000f4e   0x00000002   Code   RO         1414    i.__scatterload_null  mc_p.l(handlers.o)
    0x00000f50   0x00000f50   0x0000000e   Code   RO         1415    i.__scatterload_zeroinit  mc_p.l(handlers.o)
    0x00000f5e   0x00000f5e   0x00000002   PAD
    0x00000f60   0x00000f60   0x00000428   Code   RO         1325    i._printf_core      mc_p.l(printf8.o)
    0x00001388   0x00001388   0x00000020   Code   RO         1326    i._printf_post_padding  mc_p.l(printf8.o)
    0x000013a8   0x000013a8   0x0000002c   Code   RO         1327    i._printf_pre_padding  mc_p.l(printf8.o)
    0x000013d4   0x000013d4   0x0000000c   Code   RO          287    i.fputc             retarget.o
    0x000013e0   0x000013e0   0x00000016   Code   RO          193    i.main              main.o
    0x000013f6   0x000013f6   0x00000002   PAD
    0x000013f8   0x000013f8   0x00000020   Data   RO            5    .constdata          system_nuc121.o
    0x00001418   0x00001418   0x00000028   Data   RO          385    .constdata          clk.o
    0x00001440   0x00001440   0x00000030   Data   RO          535    .constdata          uart.o
    0x00001470   0x00001470   0x00000020   Data   RO          744    .constdata          timer.o
    0x00001490   0x00001490   0x00000020   Data   RO         1411    Region$$Table       anon$$obj.o


    Execution Region ER_RW (Exec base: 0x20000000, Load base: 0x000014b0, Size: 0x00000014, Max: 0xffffffff, ABSOLUTE)

    Exec Addr    Load Addr    Size         Type   Attr      Idx    E Section Name        Object

    0x20000000   0x000014b0   0x0000000c   Data   RW            6    .data               system_nuc121.o
    0x2000000c   0x000014bc   0x00000004   Data   RW          194    .data               main.o
    0x20000010   0x000014c0   0x00000004   Data   RW          289    .data               retarget.o


    Execution Region ER_ZI (Exec base: 0x20000014, Load base: 0x000014c4, Size: 0x00000204, Max: 0xffffffff, ABSOLUTE)

    Exec Addr    Load Addr    Size         Type   Attr      Idx    E Section Name        Object

    0x20000014   0x000014c4   0x00000004   PAD
    0x20000018        -       0x00000200   Zero   RW          174    STACK               startup_nuc121.o


==============================================================================

Image component sizes


      Code (inc. data)   RO Data    RW Data    ZI Data      Debug   Object Name

       988        154         40          0          0       9282   clk.o
        40          0          0          0          0       1031   gpio.o
      1128        322          0          4          0      16108   main.o
       422         44          0          0          0       3597   pwm.o
       104         34          0          4          0       4226   retarget.o
        76         32        192          0        512        720   startup_nuc121.o
        26          0          0          0          0        518   sys.o
       158         28         32         12          0      92799   system_nuc121.o
       192         18         32          0          0       2096   timer.o
       270         38         48          0          0      10430   uart.o

    ----------------------------------------------------------------------
      3416        670        376         20        516     140807   Object Totals
         0          0         32          0          0          0   (incl. Generated)
        12          0          0          0          4          0   (incl. Padding)

    ----------------------------------------------------------------------

      Code (inc. data)   RO Data    RW Data    ZI Data      Debug   Library Member Name

         0          0          0          0          0          0   entry.o
         0          0          0          0          0          0   entry10a.o
         0          0          0          0          0          0   entry11a.o
         8          4          0          0          0          0   entry2.o
         4          0          0          0          0          0   entry5.o
         0          0          0          0          0          0   entry7b.o
         0          0          0          0          0          0   entry8b.o
         8          4          0          0          0          0   entry9a.o
        30          0          0          0          0          0   handlers.o
        36          8          0          0          0         68   init.o
        32          0          0          0          0         68   llshl.o
        34          0          0          0          0         68   llushr.o
        36          0          0          0          0         60   memcpya.o
      1172         52          0          0          0        324   printf8.o
        44          0          0          0          0         72   uidiv.o
        96          0          0          0          0         84   uldiv.o

    ----------------------------------------------------------------------
      1504         68          0          0          0        744   Library Totals
         4          0          0          0          0          0   (incl. Padding)

    ----------------------------------------------------------------------

      Code (inc. data)   RO Data    RW Data    ZI Data      Debug   Library Name

      1500         68          0          0          0        744   mc_p.l

    ----------------------------------------------------------------------
      1504         68          0          0          0        744   Library Totals

    ----------------------------------------------------------------------

==============================================================================


      Code (inc. data)   RO Data    RW Data    ZI Data      Debug   

      4920        738        376         20        516     139627   Grand Totals
      4920        738        376         20        516     139627   ELF Image Totals
      4920        738        376         20          0          0   ROM Totals

==============================================================================

    Total RO  Size (Code + RO Data)                 5296 (   5.17kB)
    Total RW  Size (RW Data + ZI Data)               536 (   0.52kB)
    Total ROM Size (Code + RO Data + RW Data)       5316 (   5.19kB)

==============================================================================

